2024-05-15 16:33:31 + : Android67409672  || pb-IF4UURZdHQ== || joined server 
2024-05-15 16:34:07 + : Faiza9040  || pb-IF4lURQEPQ== || joined server 
2024-05-15 16:36:34 + : Velan105  || pb-IF4IUHomFA== || joined server 
2024-05-15 16:39:10 + : Rehant13  || pb-IF4DUGEaEw== || joined server 
2024-05-15 16:39:29 + : CrankyJac2  || None || joined server 
2024-05-15 16:39:30 + : CrankyJac2  || pb-IF4tVREBXA== || joined server 
2024-05-15 20:02:04 + : SARA0786  || pb-JiNJARFeXENAVF5FEkFQXFVBGUJWTlVH || joined server 
2024-05-15 20:02:43 + : SARA0786  || None || joined server 
2024-05-15 20:02:44 + : SARA0786  || pb-JiNJARFeXENAVF5FEkFQXFVBGUJWTlVH || joined server 
2024-05-15 20:04:37 + : SARA0786  || None || joined server 
2024-07-04 23:03:38 + : V0RT3X  || pb-IF4BUlQBJw== || joined server 
2024-07-04 23:07:36 + : NNOOOOBBSS  || pb-IF4pU2I4Pw== || joined server 
2024-07-04 23:07:53 + : V0RT3X  || None || joined server 
2024-07-04 23:07:54 + : V0RT3X  || pb-IF4BUlQBJw== || joined server 
2024-07-04 23:08:24 + : Fourte1103  || pb-IF4nUWQxHw== || joined server 
2024-07-04 23:12:27 + : V0RT3X  || pb-IF4BUlQBJw== || joined server 
2024-07-04 23:14:46 + : V0RT3X  || None || joined server 
2024-07-04 23:14:47 + : V0RT3X  || pb-IF4BUlQBJw== || joined server 
2024-07-04 23:16:14 + : V0RT3X  || None || joined server 
2024-07-04 23:16:15 + : V0RT3X  || pb-IF4BUlQBJw== || joined server 
2024-07-04 23:16:50 + : ZEUS609  || pb-IF4UU2ldEg== || joined server 
2024-07-04 23:18:59 + : PC591985  || pb-IF4KUBQFJA== || joined server 
2024-07-04 23:20:06 + : masterGG  || pb-IF4GUEFaJg== || joined server 
2024-07-04 23:22:03 + : DoBlehGreg  || None || joined server 
2024-07-04 23:22:04 + : DoBlehGreg  || pb-IF4-VXk-Mg== || joined server 
2024-07-04 23:24:58 + : Android66440089  || pb-IF5RUE0ABg== || joined server 
2024-07-04 23:25:16 + : V0RT3X  || pb-IF4BUlQBJw== || joined server 
2024-07-04 23:25:56 + : heymigs13  || pb-IF4gU1EhDQ== || joined server 
2024-07-04 23:29:40 + : RoyalAcco4  || None || joined server 
2024-07-04 23:29:41 + : RoyalAcco4  || pb-IF4oVWgMDA== || joined server 
2024-07-04 23:32:22 + : Fruitle182  || pb-IF5TUhAELw== || joined server 
2024-07-04 23:32:49 + : justalonel  || None || joined server 
2024-07-04 23:32:50 + : justalonel  || pb-IF4GUEMzLg== || joined server 
2024-07-04 23:34:16 + : NoobMas167  || pb-IF4GURNbPQ== || joined server 
2024-07-04 23:39:45 + : Companion3  || pb-IF4HU3YGBw== || joined server 
2024-07-04 23:43:41 + : Unearne423  || pb-IF4QUFgyCg== || joined server 
2024-07-05 00:07:16 + : BCS  || None || joined server 
2024-07-05 00:07:17 + : BCS  || pb-IF4iU0QaEw== || joined server 
2024-07-05 00:29:24 + : BCS  || None || joined server 
2024-07-05 00:29:25 + : BCS  || pb-IF4iU0QaEw== || joined server 
2024-07-05 00:30:10 + : TUSHAR1PUB  || pb-IF41NnYI || joined server 
2024-07-05 00:51:14 + : BCS  || None || joined server 
2024-07-05 00:51:15 + : BCS  || pb-IF4iU0QaEw== || joined server 
2024-07-05 00:58:32 + : Avalolli  || pb-IF40UEwoPA== || joined server 
2024-07-05 00:58:45 + : Avalolli  || None || joined server 
2024-07-05 00:58:46 + : Avalolli  || pb-IF40UEwoPA== || joined server 
2024-07-05 01:01:18 + : Stormster  || None || joined server 
2024-07-05 01:01:19 + : Stormster  || pb-IF4NU1lYFg== || joined server 
2024-07-05 01:01:44 + : Avalolli  || None || joined server 
2024-07-05 01:01:45 + : Avalolli  || pb-IF40UEwoPA== || joined server 
2024-07-05 01:02:06 + : TUSHAR1PUB  || None || joined server 
2024-07-05 01:02:16 + : Optimis530  || None || joined server 
2024-07-05 01:02:17 + : Optimis530  || pb-IF4wU0JbKg== || joined server 
2024-07-05 01:03:00 + : Stormster  || None || joined server 
2024-07-05 01:03:01 + : Stormster  || pb-IF4NU1lYFg== || joined server 
2024-07-05 01:03:32 + : Stormster  || pb-IF4NU1lYFg== || joined server 
2024-07-05 01:04:02 + : Stormster  || None || joined server 
2024-07-05 01:04:03 + : Stormster  || pb-IF4NU1lYFg== || joined server 
2024-07-05 01:05:36 + : Stormster  || None || joined server 
2024-07-05 01:05:37 + : Stormster  || pb-IF4NU1lYFg== || joined server 
2024-07-05 01:06:00 + : Noonme1380  || None || joined server 
2024-07-05 01:06:01 + : Noonme1380  || pb-IF4FUkIOFg== || joined server 
2024-07-05 01:06:23 + : Stormster  || pb-IF4NU1lYFg== || joined server 
2024-07-05 01:06:59 + : Stormster  || pb-IF4NU1lYFg== || joined server 
2024-07-05 01:10:41 + : Android67524495  || pb-IF4PURkRFw== || joined server 
2024-07-05 01:10:55 + : Nihal18  || pb-IF5dUnMoVQ== || joined server 
2024-07-05 01:14:02 + : BCS  || pb-IF4iU0QaEw== || joined server 
2024-07-05 01:16:23 + : Stormster  || None || joined server 
2024-07-05 01:16:24 + : Stormster  || pb-IF4NU1lYFg== || joined server 
2024-07-05 01:32:11 + : Avalolli  || None || joined server 
2024-07-05 01:32:12 + : Avalolli  || pb-IF40UEwoPA== || joined server 
2024-07-05 01:36:19 + : BCS  || None || joined server 
2024-07-05 01:36:20 + : BCS  || pb-IF4iU0QaEw== || joined server 
2024-07-05 02:20:43 + : BCS  || pb-IF4iU0QaEw== || joined server 
2024-07-05 02:42:50 + : BCS  || pb-IF4iU0QaEw== || joined server 
2024-07-05 03:04:09 + : BCS  || pb-IF4iU0QaEw== || joined server 
2024-07-05 03:25:48 + : BCS  || pb-IF4iU0QaEw== || joined server 
2024-07-05 03:41:38 + : NoName7747799  || pb-IF4MUxVTLg== || joined server 
2024-07-05 03:42:17 + : LengthyGr2  || pb-IF4WUGkzFA== || joined server 
2024-07-05 03:43:54 + : Carl3413  || None || joined server 
2024-07-05 03:43:55 + : Carl3413  || pb-IF4KUWM5KQ== || joined server 
2024-07-05 03:44:56 + : Android64022296  || None || joined server 
2024-07-05 09:10:55 + : V0RT3X  || pb-IF4BUlQBJw== || joined server 
2024-07-05 09:11:27 + : YashGabani  || None || joined server 
2024-07-05 09:11:28 + : YashGabani  || pb-IF4pU1FYDQ== || joined server 
2024-07-05 09:11:37 + : ZEUS609  || pb-IF4UU2ldEg== || joined server 
2026-09-21 16:39:26 + : Cypher13  || None || joined server 
2026-09-21 16:39:27 + : Cypher13  || pb-IF4JXmhZPA== || joined server 
2026-09-21 16:40:23 + : Cypher13  || None || joined server 
2026-09-21 16:40:24 + : Cypher13  || pb-IF4JXmhZPA== || joined server 
2026-09-21 17:13:59 + : impu  || None || joined server 
2026-09-21 17:14:00 + : impu  || pb-IF4MVFI6Bw== || joined server 
2026-09-21 17:14:40 + : Cypher13  || None || joined server 
2026-09-21 17:14:42 + : Cypher13  || pb-IF4JXmhZPA== || joined server 
2026-09-21 17:51:13 + : impu  || None || joined server 
2026-09-21 17:51:15 + : impu  || pb-IF4MVFI6Bw== || joined server 
2026-09-21 17:51:54 + : Cypher13  || None || joined server 
2026-09-21 17:51:56 + : Cypher13  || pb-IF4JXmhZPA== || joined server 
2026-09-21 18:36:29 + : impu  || pb-IF4MVFI6Bw== || joined server 
2026-09-21 18:37:11 + : Cypher13  || None || joined server 
2026-09-21 18:37:12 + : Cypher13  || pb-IF4JXmhZPA== || joined server 
2026-09-21 18:57:13 + : Cypher13  || None || joined server 
2026-09-21 20:06:03 + : Cypher13  || None || joined server 
2026-09-21 20:06:04 + : Cypher13  || pb-IF4JXmhZPA== || joined server 
2026-09-21 20:06:09 + : Cypher13  || None || joined server 
2026-09-21 20:11:17 + : Cypher13  || None || joined server 
2026-09-21 20:22:12 + : Cypher13  || None || joined server 
2026-09-21 20:22:13 + : Cypher13  || pb-IF4JXmhZPA== || joined server 
2026-09-21 20:22:24 + : Cypher13  || None || joined server 
2026-09-21 20:22:25 + : Cypher13  || pb-IF4JXmhZPA== || joined server 
2026-09-21 21:00:08 + : Cypher13  || None || joined server 
2026-09-21 21:00:09 + : Cypher13  || pb-IF4JXmhZPA== || joined server 
2026-09-21 21:31:30 + : Cypher13  || None || joined server 
2026-09-21 21:31:31 + : Cypher13  || pb-IF4JXmhZPA== || joined server 
2026-09-22 14:25:00 + : impu  || pb-IF4MVFI6Bw== || joined server 
2026-09-22 14:47:16 + : impu  || pb-IF4MVFI6Bw== || joined server 
2026-09-22 14:50:22 + : impu  || None || joined server 
2026-09-22 14:50:23 + : impu  || pb-IF4MVFI6Bw== || joined server 
2026-09-22 14:55:12 + : Cypher13  || None || joined server 
2026-09-22 14:55:13 + : Cypher13  || pb-IF4JXmhZPA== || joined server 
2026-09-22 14:58:04 + : impu  || None || joined server 
2026-09-22 14:58:05 + : impu  || pb-IF4MVFI6Bw== || joined server 
2026-09-22 17:06:29 + : ATD  || pb-IF4JUVVbFA== || joined server 
2026-09-22 17:10:41 + : impu  || pb-IF4MVFI6Bw== || joined server 
2026-09-22 17:13:09 + : impu  || None || joined server 
2026-09-22 17:13:10 + : impu  || pb-IF4MVFI6Bw== || joined server 
2026-09-22 17:13:59 + : Lux  || None || joined server 
2026-09-22 17:14:10 + : EasierCo27  || None || joined server 
2026-09-22 17:14:11 + : EasierCo27  || pb-IF42Xm0SKg== || joined server 
2026-09-22 17:14:24 + : impu  || None || joined server 
2026-09-22 17:18:00 + : OpticalNot  || None || joined server 
2026-09-22 17:18:01 + : OpticalNot  || pb-IF5SXnQPCg== || joined server 
2026-09-22 17:23:35 + : Lux  || None || joined server 
2026-09-22 17:25:35 + : Lux  || None || joined server 
2026-09-22 17:32:38 + : Lux  || None || joined server 
2026-09-22 17:39:07 + : Lux  || None || joined server 
2026-09-22 17:45:38 + : Lux  || None || joined server 
2026-09-22 17:54:39 + : Lux  || None || joined server 
2026-09-22 18:06:10 + : Lux  || None || joined server 
2026-09-22 18:20:10 + : Lux  || None || joined server 
2026-09-22 18:24:11 + : Lux  || None || joined server 
2026-09-22 18:29:11 + : Lux  || None || joined server 
2026-09-22 18:33:40 + : Lux  || None || joined server 
2026-09-22 18:46:20 + : Catast1232  || pb-IF5RXkQDKg== || joined server 
2026-09-22 18:47:34 + : ATD  || pb-IF4JUVVbFA== || joined server 
2026-09-22 18:47:40 + : Lux  || None || joined server 
2026-09-22 19:10:10 + : Lux  || None || joined server 
2026-09-22 19:12:19 + : YoungerMem  || None || joined server 
2026-09-22 19:21:09 + : Lux  || None || joined server 
2026-09-22 19:25:07 + : Differ1408  || pb-IF5SXhJdFw== || joined server 
2026-09-22 19:25:14 + : Lux  || None || joined server 
2026-09-22 19:26:17 + : Cypher13  || pb-IF4JXmhZPA== || joined server 
2026-09-22 19:29:34 + : Lux  || None || joined server 
2026-09-22 19:30:49 + : Cypher13  || pb-IF4JXmhZPA== || joined server 
2026-09-22 19:41:03 + : Lux  || None || joined server 
2026-09-22 19:57:11 + : Lux  || None || joined server 
2026-09-22 20:06:40 + : Lux  || None || joined server 
2026-09-22 20:10:41 + : Lux  || None || joined server 
2026-09-22 21:53:57 + : Cypher13  || None || joined server 
2026-09-22 21:53:58 + : Cypher13  || pb-IF4JXmhZPA== || joined server 
2026-09-22 21:55:58 + : Lux  || None || joined server 
2026-09-22 21:59:10 + : DRKSOUL99  || pb-IF5TUmg8Fw== || joined server 
2026-09-22 22:00:02 + : Lux  || None || joined server 
2026-09-22 22:12:04 + : Cypher13  || pb-IF4JXmhZPA== || joined server 
2026-09-22 22:12:35 + : Some1Ulove  || None || joined server 
2026-09-22 22:12:36 + : Some1Ulove  || pb-IF4KXncCKA== || joined server 
2026-09-22 22:21:46 + : Cypher13  || pb-IF4JXmhZPA== || joined server 
2026-09-22 22:25:02 + : Lux  || None || joined server 
2026-09-22 22:27:04 + : Lux  || None || joined server 
2026-09-22 22:29:05 + : Lux  || None || joined server 
2026-09-22 22:39:03 + : BIGBOSS77S  || None || joined server 
2026-09-22 22:39:04 + : BIGBOSS77S  || pb-IF5TXncHVw== || joined server 
2026-09-22 22:45:32 + : Lux  || None || joined server 
2026-09-22 22:53:08 + : Lux  || None || joined server 
2026-09-22 22:57:38 + : Lux  || None || joined server 
2026-09-22 23:40:06 + : Lux  || None || joined server 
2026-09-22 23:42:37 + : Lux  || None || joined server 
2026-09-22 23:44:34 + : Cypher13  || pb-IF4JXmhZPA== || joined server 
2026-09-23 00:05:34 + : Lux  || None || joined server 
2026-09-23 00:14:49 + : CrunchyHu3  || pb-IF5UXkMMEA== || joined server 
2026-09-23 00:30:37 + : Lux  || None || joined server 
2026-09-23 00:37:35 + : Lux  || None || joined server 
2026-09-23 00:45:07 + : Lux  || None || joined server 
2026-09-23 00:51:36 + : Lux  || None || joined server 
2026-09-23 01:11:07 + : Lux  || None || joined server 
2026-09-23 01:18:37 + : Lux  || None || joined server 
2026-09-23 01:20:37 + : Lux  || None || joined server 
2026-09-23 01:25:07 + : Lux  || None || joined server 
2026-09-23 01:27:07 + : Lux  || None || joined server 
2026-09-23 01:53:09 + : Lux  || None || joined server 
2026-09-23 02:00:39 + : Lux  || None || joined server 
2026-09-23 02:03:08 + : Lux  || None || joined server 
2026-09-23 02:26:10 + : Lux  || None || joined server 
2026-09-23 02:28:37 + : MAFIA0  || None || joined server 
2026-09-23 02:28:38 + : MAFIA0  || pb-IF5XUVMOHQ== || joined server 
2026-09-23 02:28:39 + : Lux  || None || joined server 
2026-09-23 02:29:47 + : Arman2109  || None || joined server 
2026-09-23 02:29:48 + : Arman2109  || pb-IF4lVW4kJA== || joined server 
2026-09-23 02:36:33 + : RebelGuaca  || None || joined server 
2026-09-23 02:36:34 + : RebelGuaca  || pb-IF4WV1AGCA== || joined server 
2026-09-23 02:45:09 + : Lux  || None || joined server 
2026-09-23 02:49:08 + : Lux  || None || joined server 
2026-09-23 02:51:37 + : Lux  || None || joined server 
2026-09-23 03:03:31 + : TopDogCart  || pb-IF5RXkItIw== || joined server 
2026-09-23 03:13:22 + : Repeti3356  || pb-IF4jXnkTAA== || joined server 
2026-09-23 03:21:09 + : Lux  || None || joined server 
2026-09-23 03:25:39 + : Lux  || None || joined server 
2026-09-23 03:37:09 + : Lux  || None || joined server 
2026-09-23 03:44:09 + : Lux  || None || joined server 
2026-09-23 03:44:53 + : GeneticCli  || pb-IF4VXkJSMw== || joined server 
2026-09-23 03:51:10 + : Lux  || None || joined server 
2026-09-23 03:53:30 + : BSM  || None || joined server 
2026-09-23 03:55:10 + : Lux  || None || joined server 
2026-09-23 03:59:07 + : Lux  || None || joined server 
2026-09-23 04:01:38 + : Lux  || None || joined server 
2026-09-23 04:09:31 + : BSM  || None || joined server 
2026-09-23 04:09:40 + : Lux  || None || joined server 
2026-09-23 04:14:29 + : BSM  || None || joined server 
2026-09-23 04:15:30 + : BSM  || None || joined server 
2026-09-23 04:17:33 + : BSM  || None || joined server 
2026-09-23 04:34:35 + : BSM  || None || joined server 
2026-09-23 04:37:04 + : Toxic55  || pb-IF4MURkpHA== || joined server 
2026-09-23 04:45:05 + : BSM  || None || joined server 
2026-09-23 04:47:07 + : BSM  || None || joined server 
2026-09-23 04:47:40 + : Lux  || None || joined server 
2026-09-23 04:50:10 + : Lux  || None || joined server 
2026-09-23 04:58:29 + : BSM  || None || joined server 
2026-09-23 05:02:33 + : BSM  || None || joined server 
2026-09-23 05:04:55 + : Mogembo  || pb-IF4vXhUACA== || joined server 
2026-09-23 05:15:09 + : Lux  || None || joined server 
2026-09-23 05:16:06 + : BSM  || None || joined server 
2026-09-23 05:17:07 + : BSM  || None || joined server 
2026-09-23 05:17:11 + : Lux  || None || joined server 
2026-09-23 05:19:13 + : Lux  || None || joined server 
2026-09-23 05:20:11 + : BSM  || None || joined server 
2026-09-23 05:23:14 + : BSM  || None || joined server 
2026-09-23 05:23:41 + : Lux  || None || joined server 
2026-09-23 05:28:18 + : FL7N  || None || joined server 
2026-09-23 05:28:19 + : FL7N  || pb-IF5dURcHEA== || joined server 
2026-09-23 05:31:11 + : Lux  || None || joined server 
2026-09-23 05:33:10 + : Lux  || None || joined server 
2026-09-23 05:35:45 + : BSM  || None || joined server 
2026-09-23 05:36:47 + : BSM  || None || joined server 
2026-09-23 05:40:51 + : BSM  || None || joined server 
2026-09-23 05:45:09 + : Lux  || None || joined server 
2026-09-23 05:46:57 + : BSM  || None || joined server 
2026-09-23 05:49:39 + : Lux  || None || joined server 
2026-09-23 05:52:02 + : BSM  || None || joined server 
2026-09-23 05:58:11 + : Lux  || None || joined server 
2026-09-23 05:59:10 + : BSM  || None || joined server 
2026-09-23 06:00:09 + : Lux  || None || joined server 
2026-09-23 06:00:12 + : BSM  || None || joined server 
2026-09-23 06:02:40 + : Lux  || None || joined server 
2026-09-23 06:03:08 + : JBoyXLuffy  || pb-IF49XmgaBg== || joined server 
2026-09-23 06:03:17 + : JBoyXLuffy  || None || joined server 
2026-09-23 06:03:18 + : JBoyXLuffy  || pb-IF49XmgaBg== || joined server 
2026-09-23 06:04:13 + : ApexArsena  || pb-JiNJARFTVkFDVFxIFkdWV1VEEUReQldD || joined server 
2026-09-23 06:04:30 + : Lux  || None || joined server 
2026-09-23 06:08:58 + : Lux  || None || joined server 
2026-09-23 06:12:42 + : JBoyXLuffy  || None || joined server 
2026-09-23 06:12:43 + : JBoyXLuffy  || pb-IF49XmgaBg== || joined server 
2026-09-23 06:12:45 + : BSM  || None || joined server 
2026-09-23 06:16:07 + : virajpati5  || pb-IF4IUGQTAg== || joined server 
2026-09-23 06:23:17 + : BSM  || None || joined server 
2026-09-23 06:29:23 + : BSM  || None || joined server 
2026-09-23 06:32:27 + : BSM  || None || joined server 
2026-09-23 06:34:29 + : BSM  || None || joined server 
2026-09-23 06:34:40 + : Lux  || None || joined server 
2026-09-23 06:35:30 + : BSM  || None || joined server 
2026-09-23 06:36:41 + : Lux  || None || joined server 
2026-09-23 06:37:33 + : BSM  || None || joined server 
2026-09-23 06:41:36 + : BSM  || None || joined server 
2026-09-23 06:46:42 + : BSM  || None || joined server 
2026-09-23 06:47:44 + : BSM  || None || joined server 
2026-09-23 06:52:41 + : Lux  || None || joined server 
2026-09-23 06:53:51 + : BSM  || None || joined server 
2026-09-23 06:56:55 + : BSM  || None || joined server 
2026-09-23 06:57:56 + : BSM  || None || joined server 
2026-09-23 06:59:59 + : BSM  || None || joined server 
2026-09-23 07:05:04 + : BSM  || None || joined server 
2026-09-23 07:06:12 + : Lux  || None || joined server 
2026-09-23 07:10:55 + : ItzMeGiza  || None || joined server 
2026-09-23 07:10:56 + : ItzMeGiza  || pb-IF4dUGFYAg== || joined server 
2026-09-23 07:11:03 + : ItzMeGiza  || pb-IF4dUGFYAg== || joined server 
2026-09-23 07:13:12 + : Lux  || None || joined server 
2026-09-23 07:15:42 + : Lux  || None || joined server 
2026-09-23 07:22:12 + : Lux  || None || joined server 
2026-09-23 07:22:32 + : BSM  || None || joined server 
2026-09-23 07:29:40 + : BSM  || None || joined server 
2026-09-23 07:30:41 + : BSM  || None || joined server 
2026-09-23 07:32:13 + : Lux  || None || joined server 
2026-09-23 07:32:45 + : BSM  || None || joined server 
2026-09-23 07:33:46 + : BSM  || None || joined server 
2026-09-23 07:34:47 + : BSM  || None || joined server 
2026-09-23 07:35:48 + : BSM  || None || joined server 
2026-09-23 07:36:44 + : Lux  || None || joined server 
2026-09-23 07:36:50 + : BSM  || None || joined server 
2026-09-23 07:37:46 + : Sukg1  || None || joined server 
2026-09-23 07:37:47 + : Sukg1  || pb-IF43UWsILw== || joined server 
2026-09-23 07:37:51 + : BSM  || None || joined server 
2026-09-23 07:38:52 + : BSM  || None || joined server 
2026-09-23 07:39:53 + : BSM  || None || joined server 
2026-09-23 07:40:55 + : BSM  || None || joined server 
2026-09-23 07:41:57 + : BSM  || None || joined server 
2026-09-23 07:46:02 + : BSM  || None || joined server 
2026-09-23 07:52:13 + : Lux  || None || joined server 
2026-09-23 07:54:12 + : Lux  || None || joined server 
2026-09-23 07:55:34 + : BrieferPai  || None || joined server 
2026-09-23 07:55:35 + : BrieferPai  || pb-IF4BUXIFVw== || joined server 
2026-09-23 07:57:55 + : Devastat40  || pb-IF5QVWsYFw== || joined server 
2026-09-23 07:59:01 + : AilingBan9  || pb-IF4dXmtfMQ== || joined server 
2026-09-23 07:59:20 + : BSM  || None || joined server 
2026-09-23 08:00:38 + : BSM  || None || joined server 
2026-09-23 08:15:21 + : BSM  || None || joined server 
2026-09-23 08:16:23 + : BSM  || None || joined server 
2026-09-23 08:17:24 + : BSM  || None || joined server 
2026-09-23 08:22:29 + : BSM  || None || joined server 
2026-09-23 08:25:36 + : Lux  || None || joined server 
2026-09-23 08:26:34 + : BSM  || None || joined server 
2026-09-23 08:27:35 + : BSM  || None || joined server 
2026-09-23 08:35:44 + : BSM  || None || joined server 
2026-09-23 08:37:35 + : Lux  || None || joined server 
2026-09-23 08:39:34 + : Cutiebomb  || pb-IF4PUnYKVA== || joined server 
2026-09-23 08:39:37 + : Lux  || None || joined server 
2026-09-23 08:43:52 + : BSM  || None || joined server 
2026-09-23 08:45:55 + : BSM  || None || joined server 
2026-09-23 08:46:56 + : BSM  || None || joined server 
2026-09-23 08:48:36 + : Lux  || None || joined server 
2026-09-23 08:50:20 + : BrieferPai  || None || joined server 
2026-09-23 08:50:21 + : BrieferPai  || pb-IF4BUXIFVw== || joined server 
2026-09-23 08:50:32 + : Lux  || None || joined server 
2026-09-23 08:52:45 + : BrieferPai  || None || joined server 
2026-09-23 08:52:46 + : BrieferPai  || pb-IF4BUXIFVw== || joined server 
2026-09-23 08:53:02 + : BSM  || None || joined server 
2026-09-23 08:53:06 + : Lux  || None || joined server 
2026-09-23 08:54:15 + : BrieferPai  || pb-IF4BUXIFVw== || joined server 
2026-09-23 08:55:08 + : Lux  || None || joined server 
2026-09-23 09:00:09 + : BSM  || None || joined server 
2026-09-23 09:02:11 + : BSM  || None || joined server 
2026-09-23 09:09:10 + : Lux  || None || joined server 
2026-09-23 09:11:40 + : BSM  || None || joined server 
2026-09-23 09:16:39 + : Lux  || None || joined server 
2026-09-23 09:16:46 + : BSM  || None || joined server 
2026-09-23 09:17:47 + : BSM  || None || joined server 
2026-09-23 09:21:42 + : GastricC60  || None || joined server 
2026-09-23 09:21:43 + : GastricC60  || pb-IF4xXnZTCg== || joined server 
2026-09-23 09:21:52 + : BSM  || None || joined server 
2026-09-23 09:23:57 + : DJHPNG  || pb-IF5QUHYmJg== || joined server 
2026-09-23 09:24:41 + : DJHPNG  || None || joined server 
2026-09-23 09:24:42 + : DJHPNG  || pb-IF5QUHYmJg== || joined server 
2026-09-23 09:24:56 + : BSM  || None || joined server 
2026-09-23 09:25:57 + : BSM  || None || joined server 
2026-09-23 09:30:36 + : Lux  || None || joined server 
2026-09-23 09:35:53 + : Repeti3356  || None || joined server 
2026-09-23 09:35:54 + : Repeti3356  || pb-IF4jXnkTAA== || joined server 
2026-09-23 09:36:31 + : BSM  || None || joined server 
2026-09-23 09:38:34 + : BSM  || None || joined server 
2026-09-23 09:41:39 + : Lux  || None || joined server 
2026-09-23 09:43:42 + : Lux  || None || joined server 
2026-09-23 09:45:41 + : BSM  || None || joined server 
2026-09-23 09:46:42 + : BSM  || None || joined server 
2026-09-23 09:47:44 + : BSM  || None || joined server 
2026-09-23 09:48:45 + : BSM  || None || joined server 
2026-09-23 09:50:47 + : BSM  || None || joined server 
2026-09-23 10:00:15 + : BSM  || None || joined server 
2026-09-23 10:02:13 + : Lux  || None || joined server 
2026-09-23 10:02:18 + : BSM  || None || joined server 
2026-09-23 10:06:22 + : BSM  || None || joined server 
2026-09-23 10:07:23 + : BSM  || None || joined server 
2026-09-23 10:14:30 + : BSM  || None || joined server 
2026-09-23 10:15:14 + : Lux  || None || joined server 
2026-09-23 10:15:31 + : BSM  || None || joined server 
2026-09-23 10:16:21 + : NativeCri2  || pb-IF5XXkQeEw== || joined server 
2026-09-23 10:20:36 + : BSM  || None || joined server 
2026-09-23 10:21:37 + : BSM  || None || joined server 
2026-09-23 10:22:39 + : BSM  || None || joined server 
2026-09-23 10:27:45 + : BSM  || None || joined server 
2026-09-23 10:31:49 + : BSM  || None || joined server 
2026-09-23 10:32:50 + : BSM  || None || joined server 
2026-09-23 10:35:52 + : BSM  || None || joined server 
2026-09-23 10:36:44 + : Lux  || None || joined server 
2026-09-23 10:41:01 + : BSM  || None || joined server 
2026-09-23 10:43:04 + : BSM  || None || joined server 
2026-09-23 10:43:20 + : impu  || pb-IF4MVFI6Bw== || joined server 
2026-09-23 10:43:34 + : Lux  || None || joined server 
2026-09-23 10:44:41 + : ATD  || pb-IF4JUVVbFA== || joined server 
2026-09-23 10:45:06 + : BSM  || None || joined server 
2026-09-23 10:45:18 + : ATD  || None || joined server 
2026-09-23 10:45:19 + : ATD  || pb-IF4JUVVbFA== || joined server 
2026-09-23 10:48:13 + : Lux  || None || joined server 
2026-09-23 10:53:59 + : impu  || pb-IF4MVFI6Bw== || joined server 
2026-09-23 10:54:17 + : BSM  || None || joined server 
2026-09-23 10:55:26 + : joevigamer  || pb-IF43UksBIg== || joined server 
2026-09-23 10:58:03 + : Heartfe365  || None || joined server 
2026-09-23 10:58:04 + : Heartfe365  || pb-IF5RUWwKKQ== || joined server 
2026-09-23 10:59:28 + : Seditio891  || pb-IF4nUVhTIQ== || joined server 
2026-09-23 10:59:32 + : Lux  || None || joined server 
2026-09-23 11:02:22 + : LegalOnset  || pb-IF4cXmcEFA== || joined server 
2026-09-23 11:03:46 + : BSM  || None || joined server 
2026-09-23 11:03:58 + : Lux  || None || joined server 
2026-09-23 11:05:05 + : NoName21095224  || None || joined server 
2026-09-23 11:05:06 + : NoName21095224  || pb-JiNJVxFbU0RHWV5GE0NZXVZAE0JXRVZG || joined server 
2026-09-23 11:06:04 + : Lux  || None || joined server 
2026-09-23 11:07:07 + : Heartfe365  || None || joined server 
2026-09-23 11:07:07 + : joevigamer  || pb-IF43UksBIg== || joined server 
2026-09-23 11:07:08 + : Heartfe365  || pb-IF5RUWwKKQ== || joined server 
2026-09-23 11:10:40 + : Heartfe365  || None || joined server 
2026-09-23 11:10:41 + : Heartfe365  || pb-IF5RUWwKKQ== || joined server 
2026-09-23 11:11:06 + : Lux  || None || joined server 
2026-09-23 11:13:03 + : Lux  || None || joined server 
2026-09-23 11:13:22 + : BSM  || None || joined server 
2026-09-23 11:14:24 + : BSM  || None || joined server 
2026-09-23 11:15:26 + : BSM  || None || joined server 
2026-09-23 11:16:27 + : BSM  || None || joined server 
2026-09-23 11:20:06 + : Lux  || None || joined server 
2026-09-23 11:21:39 + : Sideways44  || pb-IF4gXkJTVQ== || joined server 
2026-09-23 11:22:37 + : swaritproo  || pb-IF4tXnUhLQ== || joined server 
2026-09-23 11:23:52 + : Desolat554  || None || joined server 
2026-09-23 11:23:53 + : Desolat554  || pb-IF42UWdTPw== || joined server 
2026-09-23 11:25:57 + : BSM  || None || joined server 
2026-09-23 11:26:17 + : Gratif1954  || None || joined server 
2026-09-23 11:26:19 + : Gratif1954  || pb-IF4dXncZUA== || joined server 
2026-09-23 11:29:42 + : FocalTail2  || pb-IF4TXkIuUQ== || joined server 
2026-09-23 11:32:23 + : Amanu  || None || joined server 
2026-09-23 11:32:24 + : Amanu  || pb-IF4HCGgf || joined server 
2026-09-23 11:37:02 + : Credul1147  || pb-IF4tVFg7MQ== || joined server 
2026-09-23 11:37:26 + : MRHUNTERzo  || None || joined server 
2026-09-23 11:37:27 + : MRHUNTERzo  || pb-IF4lUHVcUA== || joined server 
2026-09-23 11:37:57 + : Peak4412  || pb-IF4MUhZTFA== || joined server 
2026-09-23 11:38:03 + : Lux  || None || joined server 
2026-09-23 11:38:20 + : zkhob46  || None || joined server 
2026-09-23 11:38:21 + : zkhob46  || pb-IF4hUkxdPA== || joined server 
2026-09-23 11:40:54 + : Gratif1954  || pb-IF4dXncZUA== || joined server 
2026-09-23 11:41:01 + : HETGandhi  || None || joined server 
2026-09-23 11:41:02 + : HETGandhi  || pb-IF4mUkpeHw== || joined server 
2026-09-23 11:45:50 + : steeve1244  || None || joined server 
2026-09-23 11:45:51 + : steeve1244  || pb-IF4vXnZcCg== || joined server 
2026-09-23 11:46:02 + : prakhar301  || None || joined server 
2026-09-23 11:46:03 + : prakhar301  || pb-JiNJARFfUERIXlxCGUZVXVdFGEFfTlRC || joined server 
2026-09-23 11:47:02 + : BSM  || None || joined server 
2026-09-23 11:49:33 + : joevigamer  || None || joined server 
2026-09-23 11:49:34 + : joevigamer  || pb-IF43UksBIg== || joined server 
2026-09-23 11:51:19 + : Gratif1954  || pb-IF4dXncZUA== || joined server 
2026-09-23 11:52:09 + : Gratif1954  || pb-IF4dXncZUA== || joined server 
2026-09-23 11:54:51 + : PoliticCri  || pb-IF4-XnYpIg== || joined server 
2026-09-23 11:55:32 + : Lux  || None || joined server 
2026-09-23 11:56:49 + : LovableD11  || pb-IF4oXkIuKA== || joined server 
2026-09-23 11:57:35 + : Lux  || None || joined server 
2026-09-23 11:57:40 + : Awesomegme  || pb-IF4cUFk-LA== || joined server 
2026-09-23 11:59:09 + : OnlineThi2  || pb-IF4CXnosJA== || joined server 
2026-09-23 12:05:11 + : CorrodedCo  || None || joined server 
2026-09-23 12:05:12 + : CorrodedCo  || pb-IF4QU0dcEA== || joined server 
2026-09-23 12:05:55 + : Reluct1380  || None || joined server 
2026-09-23 12:05:56 + : Reluct1380  || pb-IF4yXkI5Cw== || joined server 
2026-09-23 12:11:09 + : BSM  || None || joined server 
2026-09-23 12:13:13 + : BSM  || None || joined server 
2026-09-23 12:14:14 + : BSM  || None || joined server 
2026-09-23 12:15:15 + : BSM  || None || joined server 
2026-09-23 12:16:17 + : BSM  || None || joined server 
2026-09-23 12:17:18 + : BSM  || None || joined server 
2026-09-23 12:21:22 + : BSM  || None || joined server 
2026-09-23 12:22:23 + : BSM  || None || joined server 
2026-09-23 12:28:30 + : BSM  || None || joined server 
2026-09-23 12:29:10 + : shivanshG4  || pb-IF4qXhIuJA== || joined server 
2026-09-23 12:29:12 + : Lux  || None || joined server 
2026-09-23 12:31:28 + : Cypher13  || pb-IF4JXmhZPA== || joined server 
2026-09-23 12:56:38 + : BSM  || None || joined server 
2026-09-23 12:56:40 + : Lux  || None || joined server 
2026-09-23 12:56:45 + : Cypher13  || None || joined server 
2026-09-23 12:56:46 + : Cypher13  || pb-IF4JXmhZPA== || joined server 
2026-09-23 12:58:42 + : BSM  || None || joined server 
2026-09-23 13:01:11 + : Lux  || None || joined server 
2026-09-23 13:01:44 + : Cypher13  || None || joined server 
2026-09-23 13:01:46 + : Cypher13  || pb-IF4JXmhZPA== || joined server 
2026-09-23 13:02:45 + : BSM  || None || joined server 
2026-09-23 13:04:01 + : JBoyXLuffy  || None || joined server 
2026-09-23 13:04:02 + : JBoyXLuffy  || pb-IF49XmgaBg== || joined server 
2026-09-23 13:04:24 + : Cypher13  || None || joined server 
2026-09-23 13:04:25 + : Cypher13  || pb-IF4JXmhZPA== || joined server 
2026-09-23 13:04:48 + : BSM  || None || joined server 
2026-09-23 13:05:07 + : Lux  || None || joined server 
2026-09-23 13:05:09 + : SleekBrick  || pb-IF4IXmIyAg== || joined server 
2026-09-23 13:06:30 + : MarIon  || pb-IF5dUUs5Dg== || joined server 
2026-09-23 13:06:52 + : BSM  || None || joined server 
2026-09-23 13:07:15 + : cipher1160  || pb-IF4WXmM_MA== || joined server 
2026-09-23 13:07:16 + : JBoyXLuffy  || None || joined server 
2026-09-23 13:07:17 + : JBoyXLuffy  || pb-IF49XmgaBg== || joined server 
2026-09-23 13:08:47 + : Maligna967  || None || joined server 
2026-09-23 13:08:48 + : Maligna967  || pb-IF4rXkIYNQ== || joined server 
2026-09-23 13:10:21 + : Unconv2182  || None || joined server 
2026-09-23 13:10:22 + : Unconv2182  || pb-IF4hUVknDA== || joined server 
2026-09-23 13:12:03 + : Lux  || None || joined server 
2026-09-23 13:14:09 + : Arya21  || None || joined server 
2026-09-23 13:14:10 + : Arya21  || pb-IF42XhcMHA== || joined server 
2026-09-23 13:15:19 + : Arya21  || None || joined server 
2026-09-23 13:15:20 + : Arya21  || pb-IF42XhcMHA== || joined server 
2026-09-23 13:16:12 + : OctaRoyal6  || pb-IF4HV3UaAA== || joined server 
2026-09-23 13:18:22 + : BSM  || None || joined server 
2026-09-23 13:18:33 + : Lux  || None || joined server 
2026-09-23 13:21:26 + : MRoutriger  || None || joined server 
2026-09-23 13:21:27 + : MRoutriger  || pb-IF4LUFAgCA== || joined server 
2026-09-23 13:23:03 + : Lux  || None || joined server 
2026-09-23 13:23:37 + : Cheerles65  || pb-IF4GXkIBKA== || joined server 
2026-09-23 13:27:57 + : BSM  || None || joined server 
2026-09-23 13:30:31 + : RulingMana  || None || joined server 
2026-09-23 13:30:32 + : RulingMana  || pb-IF4gXhgnHw== || joined server 
2026-09-23 13:30:47 + : HumaneList  || None || joined server 
2026-09-23 13:30:48 + : HumaneList  || pb-IF49UBUoAQ== || joined server 
2026-09-23 13:32:03 + : kyarehaule  || pb-IF4QU0hYIg== || joined server 
2026-09-23 13:32:44 + : Cypher13  || pb-IF4JXmhZPA== || joined server 
2026-09-23 13:34:38 + : Taksheel69  || pb-IF42XhcePw== || joined server 
2026-09-23 13:35:56 + : Gravitat58  || None || joined server 
2026-09-23 13:35:57 + : Gravitat58  || pb-IF43LFYZ || joined server 
2026-09-23 13:36:04 + : Gravitat58  || None || joined server 
2026-09-23 13:36:05 + : Gravitat58  || pb-IF43LFYZ || joined server 
2026-09-23 13:36:12 + : ItzMeGiza  || pb-IF4dUGFYAg== || joined server 
2026-09-23 13:36:52 + : Arya21  || pb-IF42XhcMHA== || joined server 
2026-09-23 13:37:04 + : ExpandedKe  || None || joined server 
2026-09-23 13:37:05 + : ExpandedKe  || pb-IF4gUBgAJg== || joined server 
2026-09-23 13:37:28 + : BSM  || None || joined server 
2026-09-23 13:39:04 + : Lux  || None || joined server 
2026-09-23 13:40:28 + : PuKaRLaMa7  || None || joined server 
2026-09-23 13:40:29 + : PuKaRLaMa7  || pb-IF4UU0EjMQ== || joined server 
2026-09-23 13:41:47 + : Brathaaooh  || pb-IF4mXkEbVA== || joined server 
2026-09-23 13:46:02 + : Cypher13  || None || joined server 
2026-09-23 13:46:03 + : Cypher13  || pb-IF4JXmhZPA== || joined server 
2026-09-23 13:46:41 + : clownpeace  || None || joined server 
2026-09-23 13:46:42 + : clownpeace  || pb-IF49XnogIw== || joined server 
2026-09-23 13:48:10 + : Lux  || None || joined server 
2026-09-23 13:48:46 + : clownpeace  || pb-IF49XnogIw== || joined server 
2026-09-23 13:50:40 + : Lux  || None || joined server 
2026-09-23 13:51:26 + : PlumpCouns  || pb-IF4WXnoiIA== || joined server 
2026-09-23 13:52:16 + : BSM  || None || joined server 
2026-09-23 13:53:45 + : clownpeace  || pb-IF49XnogIw== || joined server 
2026-09-23 13:54:21 + : BSM  || None || joined server 
2026-09-23 13:55:46 + : MarIon  || None || joined server 
2026-09-23 13:55:47 + : MarIon  || pb-IF5dUUs5Dg== || joined server 
2026-09-23 13:56:24 + : BSM  || None || joined server 
2026-09-23 13:57:27 + : BSM  || None || joined server 
2026-09-23 13:58:29 + : BSM  || None || joined server 
2026-09-23 14:01:35 + : BSM  || None || joined server 
2026-09-23 14:05:53 + : TopJungle7  || pb-IF4HXnc8Fg== || joined server 
2026-09-23 14:07:05 + : Loiter1891  || pb-IF4gUWcTHA== || joined server 
2026-09-23 14:07:07 + : Lux  || None || joined server 
2026-09-23 14:07:20 + : Loiter1891  || None || joined server 
2026-09-23 14:07:21 + : Loiter1891  || pb-IF4gUWcTHA== || joined server 
2026-09-23 14:10:50 + : TopJungle7  || None || joined server 
2026-09-23 14:10:51 + : TopJungle7  || pb-IF4HXnc8Fg== || joined server 
2026-09-23 14:11:11 + : BSM  || None || joined server 
2026-09-23 14:11:24 + : MarIon  || pb-IF5dUUs5Dg== || joined server 
2026-09-23 14:11:37 + : Southw1984  || None || joined server 
2026-09-23 14:11:38 + : Southw1984  || pb-IF4PXkEGKA== || joined server 
2026-09-23 14:12:45 + : MarIon  || pb-IF5dUUs5Dg== || joined server 
2026-09-23 14:16:07 + : Lux  || None || joined server 
2026-09-23 14:18:23 + : MarIon  || pb-IF5dUUs5Dg== || joined server 
2026-09-23 14:20:46 + : BSM  || None || joined server 
2026-09-23 14:22:48 + : Lux  || None || joined server 
2026-09-23 14:28:27 + : Cypher13  || None || joined server 
2026-09-23 14:28:28 + : Cypher13  || pb-IF4JXmhZPA== || joined server 
2026-09-23 14:28:29 + : JBoyXLuffy  || pb-IF49XmgaBg== || joined server 
2026-09-23 14:30:45 + : Inconte607  || pb-IF4hUVQpVA== || joined server 
2026-09-23 14:31:17 + : BSM  || None || joined server 
2026-09-23 14:32:04 + : Lux  || None || joined server 
2026-09-23 14:33:41 + : Thallious7  || pb-IF4AUFQFNw== || joined server 
2026-09-23 14:35:13 + : KRATOS17OP  || None || joined server 
2026-09-23 14:35:14 + : KRATOS17OP  || pb-IF4hUm9TMg== || joined server 
2026-09-23 14:36:37 + : MIGHTYthe2  || None || joined server 
2026-09-23 14:36:38 + : MIGHTYthe2  || pb-IF4TU0IgUg== || joined server 
2026-09-23 14:38:21 + : SeriousZeb  || None || joined server 
2026-09-23 14:38:22 + : SeriousZeb  || pb-IF4zUhkc || joined server 
2026-09-23 14:40:49 + : BSM  || None || joined server 
2026-09-23 14:40:58 + : Associ1530  || pb-IF4lURAHJg== || joined server 
2026-09-23 14:42:54 + : Curativ648  || pb-IF4DXkIzDg== || joined server 
2026-09-23 14:43:33 + : Lux  || None || joined server 
2026-09-23 14:43:36 + : SupremeSw2  || pb-IF4zVEwuEQ== || joined server 
2026-09-23 14:45:05 + : ACBala2520  || None || joined server 
2026-09-23 14:45:06 + : ACBala2520  || pb-IF4tVEFZLA== || joined server 
2026-09-23 14:48:04 + : Lux  || None || joined server 
2026-09-23 14:50:35 + : Lux  || None || joined server 
2026-09-23 14:51:16 + : Glorio1144  || pb-IF4HUVJYXQ== || joined server 
2026-09-23 14:51:55 + : ItzMeGiza  || pb-IF4dUGFYAg== || joined server 
2026-09-23 14:52:35 + : Lux  || None || joined server 
2026-09-23 14:52:40 + : MAFIA0  || pb-IF5XUVMOHQ== || joined server 
2026-09-23 14:53:56 + : santhosh38  || None || joined server 
2026-09-23 14:53:57 + : santhosh38  || pb-JiNJARFZV0ZFVVdJF05SVlxHFUFYRVJH || joined server 
2026-09-23 14:54:09 + : NoNameB5626252  || None || joined server 
2026-09-23 14:54:10 + : NoNameB5626252  || pb-IF4IUHYRLA== || joined server 
2026-09-23 14:54:23 + : BSM  || None || joined server 
2026-09-23 14:54:48 + : MarIon  || pb-IF5dUUs5Dg== || joined server 
2026-09-23 14:55:25 + : BSM  || None || joined server 
2026-09-23 14:55:53 + : Cypher13  || pb-IF4JXmhZPA== || joined server 
2026-09-23 14:56:29 + : MarIon  || pb-IF5dUUs5Dg== || joined server 
2026-09-23 14:57:00 + : MarIon  || pb-IF5dUUs5Dg== || joined server 
2026-09-23 14:57:36 + : Cypher13  || pb-IF4JXmhZPA== || joined server 
2026-09-23 14:58:18 + : MarIon  || pb-IF5dUUs5Dg== || joined server 
2026-09-23 15:01:19 + : Lux  || None || joined server 
2026-09-23 15:03:12 + : BrieferPai  || pb-IF4BUXIFVw== || joined server 
2026-09-23 15:04:59 + : BSM  || None || joined server 
2026-09-23 15:07:02 + : BSM  || None || joined server 
2026-09-23 15:11:18 + : Lux  || None || joined server 
2026-09-23 15:13:17 + : Lux  || None || joined server 
2026-09-23 15:16:47 + : BrieferPai  || None || joined server 
2026-09-23 15:16:48 + : BrieferPai  || pb-IF4BUXIFVw== || joined server 
2026-09-23 15:17:34 + : BSM  || None || joined server 
2026-09-23 15:18:36 + : BSM  || None || joined server 
2026-09-23 15:19:37 + : BSM  || None || joined server 
2026-09-23 15:22:41 + : BSM  || None || joined server 
2026-09-23 15:24:48 + : Lux  || None || joined server 
2026-09-23 15:25:45 + : BSM  || None || joined server 
2026-09-23 15:26:47 + : BSM  || None || joined server 
2026-09-23 15:26:51 + : Lux  || None || joined server 
2026-09-23 15:29:19 + : Lux  || None || joined server 
2026-09-23 15:30:53 + : BSM  || None || joined server 
2026-09-23 15:31:32 + : HarshGamme  || pb-IF4lD0Ih || joined server 
