2024-05-14 00:11:12 + : pb-IF4HUE4OVw== ip: a|o~vo~~jdajcv , Device id: 471ab83860f81467e285daeb75c701957cbbb2a7 
2024-05-14 00:18:04 + : pb-IF4rURJSPA== ip: dvvd|vaaiey , Device id: 903cd3f58f4c64ff0313b2d8fc23df208f716b8f 
2024-05-14 00:20:50 + : pb-IF5WURQmFQ== ip: dvvcyvan~~hc , Device id: d8749bd7b4ae99da826545ba920ee8a07c1b96f9 
2024-05-14 00:21:17 + : pb-IF5WURQmFQ== ip: dvvcyvan~~hc , Device id: d8749bd7b4ae99da826545ba920ee8a07c1b96f9 
2024-05-14 00:23:55 + : pb-IF4xUhUoLQ== ip: azj~zo~vj~ya , Device id: cc521e4b421344c76ddeb7804e175be0e5cc2864 
2024-07-04 23:02:47 + : Server started 
2024-07-04 23:07:54 + : pb-IF4BUlQBJw== ip: azj~zo~}jeaia , Device id: ef86bb93ac5bf094c4332107ed4101624fe3f5d6 
2024-07-04 23:08:26 + : pb-IF4nUWQxHw==|| kicked > new account 
2024-07-04 23:12:27 + : pb-IF4BUlQBJw== ip: azj~zo~}jeaia , Device id: ef86bb93ac5bf094c4332107ed4101624fe3f5d6 
2024-07-04 23:14:47 + : pb-IF4BUlQBJw== ip: azj~zo~}jeaia , Device id: ef86bb93ac5bf094c4332107ed4101624fe3f5d6 
2024-07-04 23:16:15 + : pb-IF4BUlQBJw== ip: azj~zo~}jeaia , Device id: ef86bb93ac5bf094c4332107ed4101624fe3f5d6 
2024-07-04 23:25:16 + : pb-IF4BUlQBJw== ip: azj~zo~}jeaia , Device id: ef86bb93ac5bf094c4332107ed4101624fe3f5d6 
2024-07-05 00:07:17 + : pb-IF4iU0QaEw== ip: a{i~~lgajdaif} , Device id: 4da63e77c8e855d8d121f66e6efdb706c65f6e05 
2024-07-05 00:29:25 + : pb-IF4iU0QaEw== ip: a{i~~lgajdaif} , Device id: 4da63e77c8e855d8d121f66e6efdb706c65f6e05 
2024-07-05 00:30:10 + : pb-IF41NnYI ip: dvvd}vczvdy , Device id: d9e5990909030fcb7b0740de3398a0716edd6181 
2024-07-05 00:51:15 + : pb-IF4iU0QaEw== ip: a{i~~lgajdaif} , Device id: 4da63e77c8e855d8d121f66e6efdb706c65f6e05 
2024-07-05 00:58:46 + : pb-IF40UEwoPA== ip: a}h~}a~~hiaib{ , Device id: 4cb3ad722d24cc1fbb9d9e3103d1a7cbf7fd19ce 
2024-07-05 01:01:45 + : pb-IF40UEwoPA== ip: a}h~}a~~hiaib{ , Device id: 4cb3ad722d24cc1fbb9d9e3103d1a7cbf7fd19ce 
2024-07-05 01:03:01 + : pb-IF4NU1lYFg== ip: aakiaofaj`z , Device id: 259df46fae12aeae243cb8fe58c2607f7465dafe 
2024-07-05 01:03:32 + : pb-IF4NU1lYFg== ip: aakiaofaj`z , Device id: 259df46fae12aeae243cb8fe58c2607f7465dafe 
2024-07-05 01:04:03 + : pb-IF4NU1lYFg== ip: aakiaofaj`z , Device id: 259df46fae12aeae243cb8fe58c2607f7465dafe 
2024-07-05 01:05:37 + : pb-IF4NU1lYFg== ip: aakiaofaj`z , Device id: 259df46fae12aeae243cb8fe58c2607f7465dafe 
2024-07-05 01:06:23 + : pb-IF4NU1lYFg== ip: aakiaofaj`z , Device id: 259df46fae12aeae243cb8fe58c2607f7465dafe 
2024-07-05 01:06:59 + : pb-IF4NU1lYFg== ip: aakiaofaj`z , Device id: 259df46fae12aeae243cb8fe58c2607f7465dafe 
2024-07-05 01:14:02 + : pb-IF4iU0QaEw== ip: a{i~~lgajdaif} , Device id: 4da63e77c8e855d8d121f66e6efdb706c65f6e05 
2024-07-05 01:16:24 + : pb-IF4NU1lYFg== ip: aakiaofaj`z , Device id: 259df46fae12aeae243cb8fe58c2607f7465dafe 
2024-07-05 01:32:12 + : pb-IF40UEwoPA== ip: a}h~}a~~hiaib{ , Device id: 4cb3ad722d24cc1fbb9d9e3103d1a7cbf7fd19ce 
2024-07-05 01:36:20 + : pb-IF4iU0QaEw== ip: a{i~~lgajdaif} , Device id: 4da63e77c8e855d8d121f66e6efdb706c65f6e05 
2024-07-05 02:20:43 + : pb-IF4iU0QaEw== ip: a{i~~lgajdaif} , Device id: 4da63e77c8e855d8d121f66e6efdb706c65f6e05 
2026-09-22 21:52:32 + : Server started 
2026-09-22 21:53:58 + : pb-IF4JXmhZPA== ip: al~}`~~ndanb , Device id: 60dbf3fc0a856604760fc366475871bad0146b50 
2026-09-22 22:12:04 + : pb-IF4JXmhZPA== ip: al~}`~~ndanb , Device id: 60dbf3fc0a856604760fc366475871bad0146b50 
2026-09-22 22:21:46 + : pb-IF4JXmhZPA== ip: al~}`~~ndanb , Device id: 60dbf3fc0a856604760fc366475871bad0146b50 
2026-09-22 23:44:34 + : pb-IF4JXmhZPA== ip: al~}`~~ndanb , Device id: 60dbf3fc0a856604760fc366475871bad0146b50 
2026-09-23 03:44:56 + : pb-IF4VXkJSMw==|| kicked > new account 
2026-09-23 04:52:36 + : Server started 
2026-09-23 06:03:18 + : pb-IF49XmgaBg== ip: an~}j`aic}vb|m , Device id: c1823d1986dba2c69fc135d5bc2c407b5bfc58e5 
2026-09-23 06:12:43 + : pb-IF49XmgaBg== ip: an~}j`aic}vb|m , Device id: c1823d1986dba2c69fc135d5bc2c407b5bfc58e5 
2026-09-23 07:11:03 + : pb-IF4dUGFYAg== ip: dvvcyvba~~ib , Device id: a4ac263c05eeb3ce7217ea753619677f92abf7c2 
2026-09-23 08:50:21 + : pb-IF4BUXIFVw== ip: cxva~i~}leajd} , Device id: 7961816ac8b93bb244f4443890d75d7a4623d56b 
2026-09-23 08:52:46 + : pb-IF4BUXIFVw== ip: cxva~i~}leajd} , Device id: 7961816ac8b93bb244f4443890d75d7a4623d56b 
2026-09-23 08:54:15 + : pb-IF4BUXIFVw== ip: cxva~i~}leajd} , Device id: 7961816ac8b93bb244f4443890d75d7a4623d56b 
2026-09-23 09:24:42 + : pb-IF5QUHYmJg== ip: d}vaa`eaif~ , Device id: 8ac3d84671899db604c49f3e351e432d176d648b 
2026-09-23 09:35:54 + : pb-IF4jXnkTAA== ip: azj~z`~{o~~ae , Device id: 7758c3aad06052a46665f165258e1517330fd199 
2026-09-23 10:16:24 + : pb-IF5XXkQeEw==|| kicked > new account 
2026-09-23 10:43:20 + : pb-IF4MVFI6Bw== ip: al~}`~~ndala , Device id: 60dbf3fc0a856604760fc366475871bad0146b50 
2026-09-23 10:44:41 + : pb-IF4JUVVbFA== ip: d~vb}m~~adaihw , Device id: e16749775b91d7add5d776e53b18e24107f533d8 
2026-09-23 10:53:43 + : Server started 
2026-09-23 10:53:59 + : pb-IF4MVFI6Bw== ip: al~}`~~ncaoe , Device id: 60dbf3fc0a856604760fc366475871bad0146b50 
2026-09-23 11:05:08 + : pb-JiNJVxFbU0RHWV5GE0NZXVZAE0JXRVZG|| kicked > new account 
2026-09-23 11:07:07 + : pb-IF43UksBIg== ip: an~}iiaigvvayn , Device id: 49fcec018f87f1d93fe58abc9ea5b006b9a7d731 
2026-09-23 11:07:08 + : pb-IF5RUWwKKQ== ip: an~~afaa~~nb , Device id: 865175e5ec2ebaffffcd76a146cc4491e503d3dd 
2026-09-23 11:09:00 + : pb-IF5RUWwKKQ== started kick vote for pb-IF4cXmcEFA==. 
2026-09-23 11:09:30 + : Kick vote End 
2026-09-23 11:10:41 + : pb-IF5RUWwKKQ== ip: an~~afaa~~nb , Device id: 865175e5ec2ebaffffcd76a146cc4491e503d3dd 
2026-09-23 11:21:42 + : pb-IF4gXkJTVQ==|| kicked > new account 
2026-09-23 11:29:44 + : pb-IF4TXkIuUQ==|| kicked > new account 
2026-09-23 11:30:31 + : pb-IF5RUWwKKQ== started kick vote for pb-IF4dXncZUA==. 
2026-09-23 11:31:01 + : Kick vote End 
2026-09-23 11:40:54 + : pb-IF4dXncZUA== ip: dvva{l~|a~}ic , Device id: 2f71c0ab217e4cd4182099495821a4da0a83b408 
2026-09-23 11:45:04 + : pb-IF4lUHVcUA== started kick vote for pb-IF4mUkpeHw==. 
2026-09-23 11:45:34 + : Kick vote End 
2026-09-23 11:49:34 + : pb-IF43UksBIg== ip: an~}iiaigvvayn , Device id: 49fcec018f87f1d93fe58abc9ea5b006b9a7d731 
2026-09-23 11:51:19 + : pb-IF4dXncZUA== ip: dvva{l~|a~}ic , Device id: 2f71c0ab217e4cd4182099495821a4da0a83b408 
2026-09-23 11:52:09 + : pb-IF4dXncZUA== ip: dvva{l~|a~}ic , Device id: 2f71c0ab217e4cd4182099495821a4da0a83b408 
2026-09-23 12:55:27 + : Server started 
2026-09-23 12:56:46 + : pb-IF4JXmhZPA== ip: al~}`~~ncaoe , Device id: 60dbf3fc0a856604760fc366475871bad0146b50 
2026-09-23 13:01:46 + : pb-IF4JXmhZPA== ip: al~}`~~ncaoe , Device id: 60dbf3fc0a856604760fc366475871bad0146b50 
2026-09-23 13:04:02 + : pb-IF49XmgaBg== ip: an~}j`aic}vb|m , Device id: c1823d1986dba2c69fc135d5bc2c407b5bfc58e5 
2026-09-23 13:04:25 + : pb-IF4JXmhZPA== ip: al~}`~~ncaoe , Device id: 60dbf3fc0a856604760fc366475871bad0146b50 
2026-09-23 13:07:17 + : pb-IF49XmgaBg== ip: an~}j`aic}vb|m , Device id: c1823d1986dba2c69fc135d5bc2c407b5bfc58e5 
2026-09-23 13:08:50 + : pb-IF4rXkIYNQ==|| kicked > new account 
2026-09-23 13:15:20 + : pb-IF42XhcMHA== ip: b}k~~`gai`va~ , Device id: d6b0f9946e80b84225e2fa82b94f095abafebdfd 
2026-09-23 13:23:39 + : pb-IF4GXkIBKA==|| kicked > new account 
2026-09-23 13:32:44 + : pb-IF4JXmhZPA== ip: an~}iiaibvey , Device id: 8136cee84cbf91037dd220c6c69f9c179824ac78 
2026-09-23 13:36:05 + : pb-IF43LFYZ ip: an~}jaajczva|` , Device id: 0c81378e0cdb1c6d698c0c52a550a98f05320a41 
2026-09-23 13:36:12 + : pb-IF4dUGFYAg== ip: dvvcyvba~~ib , Device id: a4ac263c05eeb3ce7217ea753619677f92abf7c2 
2026-09-23 13:36:52 + : pb-IF42XhcMHA== ip: b}k~~`gai`va~ , Device id: d6b0f9946e80b84225e2fa82b94f095abafebdfd 
2026-09-23 13:41:49 + : pb-IF4mXkEbVA==|| kicked > new account 
2026-09-23 13:41:50 + : pb-IF4mXkEbVA==|| kicked , for using spoofed id Brathaaooh 
2026-09-23 13:46:03 + : pb-IF4JXmhZPA== ip: an~}iiaibvey , Device id: 8136cee84cbf91037dd220c6c69f9c179824ac78 
2026-09-23 13:48:46 + : pb-IF49XnogIw== ip: axm~~mgalaaja , Device id: 46d6590667a2b61b836f1be0a6a39dcd0f66d674 
2026-09-23 13:53:45 + : pb-IF49XnogIw== ip: axm~~mgalaaja , Device id: 46d6590667a2b61b836f1be0a6a39dcd0f66d674 
2026-09-23 13:55:47 + : pb-IF5dUUs5Dg== ip: axi~xn~~hfaj , Device id: 0185ca27ef80f640df972838b9989811a39b201c 
2026-09-23 14:07:21 + : pb-IF4gUWcTHA== ip: azo~zi~~kdala , Device id: de59633569c7b2b71987549a7dc1e2d4d9e33dbe 
2026-09-23 14:10:51 + : pb-IF4HXnc8Fg== ip: ak~~mfajcxvayj , Device id: 1ffcef4c46e052d62b0eb97eb186a3d26702e8f8 
2026-09-23 14:11:24 + : pb-IF5dUUs5Dg== ip: axi~xn~~hfaj , Device id: 0185ca27ef80f640df972838b9989811a39b201c 
2026-09-23 14:12:45 + : pb-IF5dUUs5Dg== ip: axi~xn~~hfaj , Device id: 0185ca27ef80f640df972838b9989811a39b201c 
2026-09-23 14:18:23 + : pb-IF5dUUs5Dg== ip: axi~xn~~hfaj , Device id: 0185ca27ef80f640df972838b9989811a39b201c 
2026-09-23 14:28:28 + : pb-IF4JXmhZPA== ip: an~}iiaibvey , Device id: 8136cee84cbf91037dd220c6c69f9c179824ac78 
2026-09-23 14:28:29 + : pb-IF49XmgaBg== ip: an~}j`aic}vb|m , Device id: c1823d1986dba2c69fc135d5bc2c407b5bfc58e5 
2026-09-23 14:42:56 + : pb-IF4DXkIzDg==|| kicked > new account 
2026-09-23 14:47:00 + : pb-IF4TU0IgUg== started kick vote for pb-IF4tVEFZLA==. 
2026-09-23 14:47:30 + : Kick vote End 
2026-09-23 14:51:55 + : pb-IF4dUGFYAg== ip: dvvcyvba~~ib , Device id: a4ac263c05eeb3ce7217ea753619677f92abf7c2 
2026-09-23 14:52:40 + : pb-IF5XUVMOHQ== ip: azj~zn~|vd , Device id: f6ccd67f02237f8235c124dce9b34895665185bc 
2026-09-23 14:54:48 + : pb-IF5dUUs5Dg== ip: axi~xn~~hfaj , Device id: 0185ca27ef80f640df972838b9989811a39b201c 
2026-09-23 14:55:53 + : pb-IF4JXmhZPA== ip: an~}iiaibvey , Device id: 8136cee84cbf91037dd220c6c69f9c179824ac78 
2026-09-23 14:56:29 + : pb-IF5dUUs5Dg== ip: axi~xn~~hfaj , Device id: 0185ca27ef80f640df972838b9989811a39b201c 
2026-09-23 14:57:00 + : pb-IF5dUUs5Dg== ip: axi~xn~~hfaj , Device id: 0185ca27ef80f640df972838b9989811a39b201c 
2026-09-23 14:57:36 + : pb-IF4JXmhZPA== ip: an~}iiaibvey , Device id: 8136cee84cbf91037dd220c6c69f9c179824ac78 
